// Jest Snapshot v1, https://goo.gl/fbAQLP

exports[`GifItem test debe hacer match con el snapshot 1`] = `
<div>
  <div
    class="card"
  >
    <img
      alt="Prueba"
      src="https://prueba.com/prueba"
    />
    <p>
      Prueba
    </p>
  </div>
</div>
`;
